mode: set
github.com/writ-fm/go/internal/audio/pipeline.go:29.73,33.6 3 1
github.com/writ-fm/go/internal/audio/pipeline.go:33.6,36.10 1 1
github.com/writ-fm/go/internal/audio/pipeline.go:42.3,43.12 2 1
github.com/writ-fm/go/internal/audio/pipeline.go:48.3,48.24 1 1
github.com/writ-fm/go/internal/audio/pipeline.go:51.3,51.21 1 1
github.com/writ-fm/go/internal/audio/pipeline.go:37.15,38.21 1 1
github.com/writ-fm/go/internal/audio/pipeline.go:39.11,39.11 0 1
github.com/writ-fm/go/internal/audio/pipeline.go:43.12,44.58 1 1
github.com/writ-fm/go/internal/audio/pipeline.go:44.58,46.5 1 1
github.com/writ-fm/go/internal/audio/pipeline.go:48.24,50.4 1 1
github.com/writ-fm/go/internal/audio/pipeline.go:51.21,53.4 1 1
github.com/writ-fm/go/internal/audio/decoder.go:42.47,44.2 1 0
github.com/writ-fm/go/internal/audio/decoder.go:48.33,57.2 4 0
github.com/writ-fm/go/internal/audio/decoder.go:62.68,67.16 4 0
github.com/writ-fm/go/internal/audio/decoder.go:70.2,72.36 2 0
github.com/writ-fm/go/internal/audio/decoder.go:76.2,76.48 1 0
github.com/writ-fm/go/internal/audio/decoder.go:67.16,69.3 1 0
github.com/writ-fm/go/internal/audio/decoder.go:72.36,74.3 1 0
github.com/writ-fm/go/internal/audio/decoder.go:86.58,90.24 2 1
github.com/writ-fm/go/internal/audio/decoder.go:94.2,96.26 2 1
github.com/writ-fm/go/internal/audio/decoder.go:100.2,102.19 2 1
github.com/writ-fm/go/internal/audio/decoder.go:121.2,133.13 3 1
github.com/writ-fm/go/internal/audio/decoder.go:90.24,92.3 1 1
github.com/writ-fm/go/internal/audio/decoder.go:96.26,98.3 1 1
github.com/writ-fm/go/internal/audio/decoder.go:102.19,105.3 1 1
github.com/writ-fm/go/internal/audio/decoder.go:105.8,112.50 3 1
github.com/writ-fm/go/internal/audio/decoder.go:112.50,115.4 2 1
github.com/writ-fm/go/internal/audio/decoder.go:138.35,140.2 1 1
github.com/writ-fm/go/internal/audio/encoder.go:34.48,36.2 1 0
github.com/writ-fm/go/internal/audio/encoder.go:40.32,41.9 1 0
github.com/writ-fm/go/internal/audio/encoder.go:42.16,43.15 1 0
github.com/writ-fm/go/internal/audio/encoder.go:44.10,45.14 1 0
github.com/writ-fm/go/internal/audio/encoder.go:54.51,57.9 3 0
github.com/writ-fm/go/internal/audio/encoder.go:58.16,59.15 1 0
github.com/writ-fm/go/internal/audio/encoder.go:60.13,61.19 1 0
github.com/writ-fm/go/internal/audio/encoder.go:67.33,71.2 3 0
github.com/writ-fm/go/internal/audio/encoder.go:76.47,81.16 4 0
github.com/writ-fm/go/internal/audio/encoder.go:84.2,86.36 2 0
github.com/writ-fm/go/internal/audio/encoder.go:90.2,91.12 2 0
github.com/writ-fm/go/internal/audio/encoder.go:96.2,96.17 1 0
github.com/writ-fm/go/internal/audio/encoder.go:81.16,83.3 1 0
github.com/writ-fm/go/internal/audio/encoder.go:86.36,88.3 1 0
github.com/writ-fm/go/internal/audio/encoder.go:91.12,94.3 2 0
github.com/writ-fm/go/internal/audio/encoder.go:108.44,125.2 1 1
