mode: set
github.com/writ-fm/go/internal/store/bumper.go:43.50,45.2 1 1
github.com/writ-fm/go/internal/store/bumper.go:58.85,62.16 3 1
github.com/writ-fm/go/internal/store/bumper.go:70.2,71.28 2 1
github.com/writ-fm/go/internal/store/bumper.go:85.2,85.26 1 1
github.com/writ-fm/go/internal/store/bumper.go:89.2,99.8 4 1
github.com/writ-fm/go/internal/store/bumper.go:62.16,63.25 1 1
github.com/writ-fm/go/internal/store/bumper.go:66.3,66.18 1 0
github.com/writ-fm/go/internal/store/bumper.go:63.25,65.4 1 1
github.com/writ-fm/go/internal/store/bumper.go:71.28,72.16 1 1
github.com/writ-fm/go/internal/store/bumper.go:75.3,75.58 1 1
github.com/writ-fm/go/internal/store/bumper.go:78.3,79.25 2 1
github.com/writ-fm/go/internal/store/bumper.go:82.3,82.39 1 1
github.com/writ-fm/go/internal/store/bumper.go:72.16,73.12 1 0
github.com/writ-fm/go/internal/store/bumper.go:75.58,76.12 1 1
github.com/writ-fm/go/internal/store/bumper.go:79.25,80.12 1 1
github.com/writ-fm/go/internal/store/bumper.go:85.26,87.3 1 1
github.com/writ-fm/go/internal/store/bumper.go:105.39,108.16 3 1
github.com/writ-fm/go/internal/store/bumper.go:111.2,112.49 2 1
github.com/writ-fm/go/internal/store/bumper.go:115.2,115.10 1 1
github.com/writ-fm/go/internal/store/bumper.go:108.16,110.3 1 1
github.com/writ-fm/go/internal/store/bumper.go:112.49,114.3 1 0
github.com/writ-fm/go/internal/store/bumper.go:124.41,131.16 2 1
github.com/writ-fm/go/internal/store/bumper.go:134.2,135.26 2 0
github.com/writ-fm/go/internal/store/bumper.go:138.2,138.10 1 0
github.com/writ-fm/go/internal/store/bumper.go:131.16,133.3 1 1
github.com/writ-fm/go/internal/store/bumper.go:135.26,137.3 1 0
github.com/writ-fm/go/internal/store/talk.go:33.46,35.2 1 1
github.com/writ-fm/go/internal/store/talk.go:42.60,46.16 3 1
github.com/writ-fm/go/internal/store/talk.go:53.2,56.28 3 1
github.com/writ-fm/go/internal/store/talk.go:72.2,72.43 1 1
github.com/writ-fm/go/internal/store/talk.go:76.2,76.41 1 1
github.com/writ-fm/go/internal/store/talk.go:46.16,47.25 1 1
github.com/writ-fm/go/internal/store/talk.go:50.3,50.18 1 0
github.com/writ-fm/go/internal/store/talk.go:47.25,49.4 1 1
github.com/writ-fm/go/internal/store/talk.go:56.28,57.56 1 1
github.com/writ-fm/go/internal/store/talk.go:60.3,64.38 2 1
github.com/writ-fm/go/internal/store/talk.go:57.56,58.12 1 1
github.com/writ-fm/go/internal/store/talk.go:64.38,66.4 1 1
github.com/writ-fm/go/internal/store/talk.go:66.9,68.4 1 1
github.com/writ-fm/go/internal/store/talk.go:72.43,74.3 1 1
github.com/writ-fm/go/internal/store/talk.go:82.42,83.42 1 1
github.com/writ-fm/go/internal/store/talk.go:88.2,88.11 1 1
github.com/writ-fm/go/internal/store/talk.go:83.42,84.41 1 1
github.com/writ-fm/go/internal/store/talk.go:84.41,86.4 1 1
